TRAIN: x=[ 2  3  4  7  8 10 11 14 19 20 21 24 27 29 32 33 34 35 37 38 39 40 41 42
 44 45 47 48 50 51 52 53 54 57 59 60 62 68 70 71 72 75 76 77 79 80 81 83
 84 85 86 87 90 93 94 96 97 98], mean=51.62068965517241
